------------------------------------------------------------
Timing Analyzer Summary
------------------------------------------------------------

Type  : Slow 1100mV 85C Model Setup 'clk'
Slack : -0.412
TNS   : -3.659

Type  : Slow 1100mV 85C Model Hold 'clk'
Slack : 0.447
TNS   : 0.000

Type  : Slow 1100mV 85C Model Minimum Pulse Width 'clk'
Slack : -0.724
TNS   : -13.283

Type  : Slow 1100mV 0C Model Setup 'clk'
Slack : -0.445
TNS   : -3.179

Type  : Slow 1100mV 0C Model Hold 'clk'
Slack : 0.440
TNS   : 0.000

Type  : Slow 1100mV 0C Model Minimum Pulse Width 'clk'
Slack : -0.724
TNS   : -13.324

Type  : Fast 1100mV 85C Model Setup 'clk'
Slack : 0.388
TNS   : 0.000

Type  : Fast 1100mV 85C Model Hold 'clk'
Slack : 0.179
TNS   : 0.000

Type  : Fast 1100mV 85C Model Minimum Pulse Width 'clk'
Slack : -0.086
TNS   : -1.017

Type  : Fast 1100mV 0C Model Setup 'clk'
Slack : 0.439
TNS   : 0.000

Type  : Fast 1100mV 0C Model Hold 'clk'
Slack : 0.167
TNS   : 0.000

Type  : Fast 1100mV 0C Model Minimum Pulse Width 'clk'
Slack : -0.085
TNS   : -1.010

------------------------------------------------------------
