------------------------------------------------------------
Timing Analyzer Summary
------------------------------------------------------------

Type  : Slow 1100mV 85C Model Setup 'clk'
Slack : -0.433
TNS   : -2.044

Type  : Slow 1100mV 85C Model Hold 'clk'
Slack : 0.298
TNS   : 0.000

Type  : Slow 1100mV 85C Model Minimum Pulse Width 'clk'
Slack : -0.724
TNS   : -11.069

Type  : Slow 1100mV 0C Model Setup 'clk'
Slack : -0.471
TNS   : -1.920

Type  : Slow 1100mV 0C Model Hold 'clk'
Slack : 0.287
TNS   : 0.000

Type  : Slow 1100mV 0C Model Minimum Pulse Width 'clk'
Slack : -0.724
TNS   : -11.364

Type  : Fast 1100mV 85C Model Setup 'clk'
Slack : 0.396
TNS   : 0.000

Type  : Fast 1100mV 85C Model Hold 'clk'
Slack : 0.137
TNS   : 0.000

Type  : Fast 1100mV 85C Model Minimum Pulse Width 'clk'
Slack : -0.084
TNS   : -0.828

Type  : Fast 1100mV 0C Model Setup 'clk'
Slack : 0.434
TNS   : 0.000

Type  : Fast 1100mV 0C Model Hold 'clk'
Slack : 0.123
TNS   : 0.000

Type  : Fast 1100mV 0C Model Minimum Pulse Width 'clk'
Slack : -0.083
TNS   : -0.824

------------------------------------------------------------
